[backblue.gif]
[fade.gif]
[index.html]
[maxcdn.bootstrapcdn.com/bootstrap/4.5.2/css/bootstrap.min.css]
[ajax.googleapis.com/ajax/libs/jquery/3.5.1/jquery.min.js]
[cdnjs.cloudflare.com/ajax/libs/popper.js/1.16.0/umd/popper.min.js]
[maxcdn.bootstrapcdn.com/bootstrap/4.5.2/js/bootstrap.min.js]
[unpkg.com/video.js@8.23.9/dist/video-js.css]
[bokasoka.net_8080/js/clappr.min.js]
[bokasoka.net_8080/js/clappr-chromecast-plugin.min.js]
[bokasoka.net_8080/img/bpl.jpg]
[bokasoka.net_8080/js/scripts.js]
[bokasoka.net_8080/index.html]
[maxcdn.bootstrapcdn.com/bootstrap/4.5.2/css/bootstrap.min.css]
[unpkg.com/video.js@8.23.9/dist/video-js.css]
[bokasoka.net_8080/css/style.css]
[unpkg.com/@videojs/http-streaming@2.4.2/dist/videojs-http-streaming.min.js]
[unpkg.com/video.js@7.10.2/dist/video.js]
[bokasoka.net_8080/css/custom.css]
[bokasoka.net_8080/img/bgu.html]
[bokasoka.net_8080/live/img/bgu.html]
[bokasoka.net_8080/css/_%=baseUrl%.html]
